ASxxxx Linker V03.00 + NoICE + sdld,  page 1.
Hexadecimal  [32-Bits]

Area                                    Addr        Size        Decimal Bytes (Attributes)
--------------------------------        ----        ----        ------- ----- ------------
CABS                                00000000    00000000 =           0. bytes (ABS,CON,CODE)

      Value  Global                              Global Defined In Module
      -----  --------------------------------   ------------------------
C:   00000000  l_BIT_BANK                      
C:   00000000  l_BSEG                          
C:   00000000  l_BSEG_BYTES                    
C:   00000000  l_CABS                          
C:   00000000  l_GSINIT                        
C:   00000000  l_GSINIT1                       
C:   00000000  l_GSINIT5                       
C:   00000000  l_IABS                          
C:   00000000  l_PSEG                          
C:   00000000  l_REG_BANK_1                    
C:   00000000  l_REG_BANK_2                    
C:   00000000  l_REG_BANK_3                    
C:   00000000  l_RSEG                          
C:   00000000  l_RSEG0                         
C:   00000000  l_RSEG1                         
C:   00000000  l_XABS                          
C:   00000000  l_XINIT                         
C:   00000000  l_XISEG                         
C:   00000000  l_XSEG                          
C:   00000000  l__CODE                         
C:   00000000  s_BSEG                          
C:   00000000  s_CABS                          
C:   00000000  s_DSEG                          
C:   00000000  s_HOME                          
C:   00000000  s_IABS                          
C:   00000000  s_REG_BANK_0                    
C:   00000000  s_RSEG                          
C:   00000000  s_RSEG0                         
C:   00000000  s_RSEG1                         
C:   00000000  s_XABS                          
C:   00000001  s_PSEG                          
C:   00000001  s_XISEG                         
C:   00000001  s_XSEG                          
C:   00000003  l_GSFINAL                       
C:   00000003  l_GSINIT0                       
C:   00000003  l_OSEG                          
C:   00000006  l_HOME                          
C:   00000006  l_ISEG                          
C:   00000006  s_GSINIT0                       
C:   00000008  l_REG_BANK_0                    
C:   00000008  s_REG_BANK_1                    
C:   00000009  s_GSINIT1                       
C:   00000009  s_GSINIT2                       
C:   0000000A  l_GSINIT2                       
C:   00000010  s_REG_BANK_2                    
C:   00000013  s_GSINIT3                       
C:   00000018  s_BIT_BANK                      
C:   00000018  s_REG_BANK_3                    
C:   00000020  s_BSEG_BYTES                    
C:   00000020  s__CODE                         
ASxxxx Linker V03.00 + NoICE + sdld,  page 2.
Hexadecimal  [32-Bits]

Area                                    Addr        Size        Decimal Bytes (Attributes)
--------------------------------        ----        ----        ------- ----- ------------
CABS                                00000000    00000000 =           0. bytes (ABS,CON,CODE)

      Value  Global                              Global Defined In Module
      -----  --------------------------------   ------------------------
C:   00000022  l_GSINIT3                       
C:   00000029  l_CONST                         
C:   0000002A  l_GSINIT4                       
C:   00000035  s_GSINIT4                       
C:   0000005F  s_GSFINAL                       
C:   0000005F  s_GSINIT                        
C:   0000005F  s_GSINIT5                       
C:   00000062  s_CSEG                          
C:   0000006A  s_OSEG                          
C:   0000006D  s_ISEG                          
C:   00000073  s_SSEG                          
C:   00000080  l_DSEG                          
C:   0000008D  l_SSEG                          
C:   00000100  l_IRAM                          
C:   00000B40  l_CSEG                          
C:   00000BA2  s_CONST                         
C:   00000BCB  s_XINIT                         

ASxxxx Linker V03.00 + NoICE + sdld,  page 3.
Hexadecimal  [32-Bits]

Area                                    Addr        Size        Decimal Bytes (Attributes)
--------------------------------        ----        ----        ------- ----- ------------
.  .ABS.                            00000000    00000000 =           0. bytes (ABS,CON)

      Value  Global                              Global Defined In Module
      -----  --------------------------------   ------------------------
     00000000  .__.ABS.                           _gptrput
     00000080  _P0                                rtc
     00000080  _P0_0                              rtc
     00000081  _P0_1                              rtc
     00000081  _SP                                rtc
     00000082  _DPL                               rtc
     00000082  _P0_2                              rtc
     00000083  _DPH                               rtc
     00000083  _P0_3                              rtc
     00000084  _P0_4                              rtc
     00000085  _P0_5                              rtc
     00000086  _P0_6                              rtc
     00000087  _P0_7                              rtc
     00000087  _PCON                              rtc
     00000088  _IT0                               rtc
     00000088  _TCON                              rtc
     00000089  _IE0                               rtc
     00000089  _TMOD                              rtc
     0000008A  _IT1                               rtc
     0000008A  _TL0                               rtc
     0000008B  _IE1                               rtc
     0000008B  _TL1                               rtc
     0000008C  _TH0                               rtc
     0000008C  _TR0                               rtc
     0000008D  _TF0                               rtc
     0000008D  _TH1                               rtc
     0000008E  _TR1                               rtc
     0000008F  _TF1                               rtc
     00000090  _P1                                rtc
     00000090  _P1_0                              rtc
     00000091  _P1_1                              rtc
     00000092  _P1_2                              rtc
     00000093  _P1_3                              rtc
     00000094  _P1_4                              rtc
     00000095  _P1_5                              rtc
     00000096  _P1_6                              rtc
     00000097  _P1_7                              rtc
     00000098  _RI                                rtc
     00000098  _SCON                              rtc
     00000099  _SBUF                              rtc
     00000099  _TI                                rtc
     0000009A  _RB8                               rtc
     0000009B  _TB8                               rtc
     0000009C  _REN                               rtc
     0000009D  _SM2                               rtc
     0000009E  _SM1                               rtc
     0000009F  _SM0                               rtc
     000000A0  _P2                                rtc
     000000A0  _P2_0                              rtc
     000000A0  __XPAGE                            
ASxxxx Linker V03.00 + NoICE + sdld,  page 4.
Hexadecimal  [32-Bits]

Area                                    Addr        Size        Decimal Bytes (Attributes)
--------------------------------        ----        ----        ------- ----- ------------
.  .ABS.                            00000000    00000000 =           0. bytes (ABS,CON)

      Value  Global                              Global Defined In Module
      -----  --------------------------------   ------------------------
     000000A1  _P2_1                              rtc
     000000A2  _P2_2                              rtc
     000000A3  _P2_3                              rtc
     000000A4  _P2_4                              rtc
     000000A5  _P2_5                              rtc
     000000A6  _P2_6                              rtc
     000000A7  _P2_7                              rtc
     000000A8  _EX0                               rtc
     000000A8  _IE                                rtc
     000000A9  _ET0                               rtc
     000000AA  _EX1                               rtc
     000000AB  _ET1                               rtc
     000000AC  _ES                                rtc
     000000AF  _EA                                rtc
     000000B0  _P3                                rtc
     000000B0  _P3_0                              rtc
     000000B0  _RXD                               rtc
     000000B1  _P3_1                              rtc
     000000B1  _TXD                               rtc
     000000B2  _INT0                              rtc
     000000B2  _P3_2                              rtc
     000000B3  _INT1                              rtc
     000000B3  _P3_3                              rtc
     000000B4  _P3_4                              rtc
     000000B4  _T0                                rtc
     000000B5  _P3_5                              rtc
     000000B5  _T1                                rtc
     000000B6  _P3_6                              rtc
     000000B6  _WR                                rtc
     000000B7  _P3_7                              rtc
     000000B7  _RD                                rtc
     000000B8  _IP                                rtc
     000000B8  _PX0                               rtc
     000000B9  _PT0                               rtc
     000000BA  _PX1                               rtc
     000000BB  _PT1                               rtc
     000000BC  _PS                                rtc
     000000D0  _P                                 rtc
     000000D0  _PSW                               rtc
     000000D1  _F1                                rtc
     000000D2  _OV                                rtc
     000000D3  _RS0                               rtc
     000000D4  _RS1                               rtc
     000000D5  _F0                                rtc
     000000D6  _AC                                rtc
     000000D7  _CY                                rtc
     000000E0  _ACC                               rtc
     000000F0  _B                                 rtc
     000000F5  _B_5                               _gptrput
     000000F6  _B_6                               _gptrput
     000000F7  _B_7                               _gptrput

ASxxxx Linker V03.00 + NoICE + sdld,  page 5.
Hexadecimal  [32-Bits]

Area                                    Addr        Size        Decimal Bytes (Attributes)
--------------------------------        ----        ----        ------- ----- ------------
REG_BANK_0                          00000000    00000008 =           8. bytes (REL,OVR)

      Value  Global                              Global Defined In Module
      -----  --------------------------------   ------------------------
ASxxxx Linker V03.00 + NoICE + sdld,  page 6.
Hexadecimal  [32-Bits]

Area                                    Addr        Size        Decimal Bytes (Attributes)
--------------------------------        ----        ----        ------- ----- ------------
DSEG                                00000000    00000080 =         128. bytes (REL,CON)

      Value  Global                              Global Defined In Module
      -----  --------------------------------   ------------------------
     00000035  _vsprintf_PARM_2                   sprintf
     00000038  _vsprintf_PARM_3                   sprintf
     0000003C  _bp                                _bp
     0000004A  __print_format_PARM_2              printf_large
     0000004D  __print_format_PARM_3              printf_large
     00000050  __print_format_PARM_4              printf_large
ASxxxx Linker V03.00 + NoICE + sdld,  page 7.
Hexadecimal  [32-Bits]

Area                                    Addr        Size        Decimal Bytes (Attributes)
--------------------------------        ----        ----        ------- ----- ------------
OSEG                                0000006A    00000003 =           3. bytes (REL,OVR)

      Value  Global                              Global Defined In Module
      -----  --------------------------------   ------------------------
     0000006A  __gptrput_PARM_2                   _gptrput
     0000006A  __mulint_PARM_2                    _mulint

ASxxxx Linker V03.00 + NoICE + sdld,  page 8.
Hexadecimal  [32-Bits]

Area                                    Addr        Size        Decimal Bytes (Attributes)
--------------------------------        ----        ----        ------- ----- ------------
ISEG                                0000006D    00000006 =           6. bytes (REL,CON)

      Value  Global                              Global Defined In Module
      -----  --------------------------------   ------------------------
ASxxxx Linker V03.00 + NoICE + sdld,  page 9.
Hexadecimal  [32-Bits]

Area                                    Addr        Size        Decimal Bytes (Attributes)
--------------------------------        ----        ----        ------- ----- ------------
SSEG                                00000073    0000008D =         141. bytes (REL,OVR)

      Value  Global                              Global Defined In Module
      -----  --------------------------------   ------------------------
     00000073  __start__stack                     app

ASxxxx Linker V03.00 + NoICE + sdld,  page 10.
Hexadecimal  [32-Bits]

Area                                    Addr        Size        Decimal Bytes (Attributes)
--------------------------------        ----        ----        ------- ----- ------------
HOME                                00000000    00000006 =           6. bytes (REL,CON,CODE)

      Value  Global                              Global Defined In Module
      -----  --------------------------------   ------------------------
C:   00000003  __sdcc_program_startup             app

ASxxxx Linker V03.00 + NoICE + sdld,  page 11.
Hexadecimal  [32-Bits]

Area                                    Addr        Size        Decimal Bytes (Attributes)
--------------------------------        ----        ----        ------- ----- ------------
GSINIT0                             00000006    00000003 =           3. bytes (REL,CON,CODE)

      Value  Global                              Global Defined In Module
      -----  --------------------------------   ------------------------
C:   00000006  __sdcc_gsinit_startup              

ASxxxx Linker V03.00 + NoICE + sdld,  page 12.
Hexadecimal  [32-Bits]

Area                                    Addr        Size        Decimal Bytes (Attributes)
--------------------------------        ----        ----        ------- ----- ------------
GSINIT2                             00000009    0000000A =          10. bytes (REL,CON,CODE)

      Value  Global                              Global Defined In Module
      -----  --------------------------------   ------------------------
ASxxxx Linker V03.00 + NoICE + sdld,  page 13.
Hexadecimal  [32-Bits]

Area                                    Addr        Size        Decimal Bytes (Attributes)
--------------------------------        ----        ----        ------- ----- ------------
GSINIT3                             00000013    00000022 =          34. bytes (REL,CON,CODE)

      Value  Global                              Global Defined In Module
      -----  --------------------------------   ------------------------
C:   00000013  __mcs51_genXINIT                   

ASxxxx Linker V03.00 + NoICE + sdld,  page 14.
Hexadecimal  [32-Bits]

Area                                    Addr        Size        Decimal Bytes (Attributes)
--------------------------------        ----        ----        ------- ----- ------------
GSINIT4                             00000035    0000002A =          42. bytes (REL,CON,CODE)

      Value  Global                              Global Defined In Module
      -----  --------------------------------   ------------------------
C:   00000035  __mcs51_genRAMCLEAR                
C:   0000003B  __mcs51_genXRAMCLEAR               

ASxxxx Linker V03.00 + NoICE + sdld,  page 15.
Hexadecimal  [32-Bits]

Area                                    Addr        Size        Decimal Bytes (Attributes)
--------------------------------        ----        ----        ------- ----- ------------
GSFINAL                             0000005F    00000003 =           3. bytes (REL,CON,CODE)

      Value  Global                              Global Defined In Module
      -----  --------------------------------   ------------------------
ASxxxx Linker V03.00 + NoICE + sdld,  page 16.
Hexadecimal  [32-Bits]

Area                                    Addr        Size        Decimal Bytes (Attributes)
--------------------------------        ----        ----        ------- ----- ------------
CSEG                                00000062    00000B40 =        2880. bytes (REL,CON,CODE)

      Value  Global                              Global Defined In Module
      -----  --------------------------------   ------------------------
C:   00000062  _main                              app
C:   0000006A  _init                              app
C:   00000080  _loop                              app
C:   0000008E  _sendByte                          app
C:   00000097  _sendString                        app
C:   000000C2  _delay                             app
C:   000000D4  _getRTC                            rtc
C:   00000159  _read                              rtc
C:   00000222  _vsprintf                          sprintf
C:   0000025F  _sprintf                           sprintf
C:   0000034A  __print_format                     printf_large
C:   00000B32  _strlen                            _strlen
C:   00000B4A  __mulint                           _mulint
C:   00000B4A  __mulint_dummy                     _mulint
C:   00000B67  __gptrget                          _gptrget
C:   00000B83  __sdcc_external_startup            _startup
C:   00000B87  __gptrput                          _gptrput

ASxxxx Linker V03.00 + NoICE + sdld,  page 17.
Hexadecimal  [32-Bits]

Area                                    Addr        Size        Decimal Bytes (Attributes)
--------------------------------        ----        ----        ------- ----- ------------
CONST                               00000BA2    00000029 =          41. bytes (REL,CON,CODE)

      Value  Global                              Global Defined In Module
      -----  --------------------------------   ------------------------
C:   00000BA2  _READ_RTC_ADDR                     rtc

ASxxxx Linker V03.00 + NoICE + sdld,  page 18.

Files Linked                              [ module(s) ]

build/app.rel                             [  ]
build/rtc.rel                             [  ]


Libraries Linked                          [ object file ]

/usr/local/bin/../share/sdcc/lib/small/mcs51.lib
                                          [ crtclear.rel ]
/usr/local/bin/../share/sdcc/lib/small/mcs51.lib
                                          [ crtxinit.rel ]
/usr/local/bin/../share/sdcc/lib/small/mcs51.lib
                                          [ crtxclear.rel ]
/usr/local/bin/../share/sdcc/lib/small/libsdcc.lib
                                          [ sprintf.rel ]
/usr/local/bin/../share/sdcc/lib/small/libsdcc.lib
                                          [ _bp.rel ]
/usr/local/bin/../share/sdcc/lib/small/libsdcc.lib
                                          [ printf_large.rel ]
/usr/local/bin/../share/sdcc/lib/small/mcs51.lib
                                          [ crtpagesfr.rel ]
/usr/local/bin/../share/sdcc/lib/small/libsdcc.lib
                                          [ _strlen.rel ]
/usr/local/bin/../share/sdcc/lib/small/libint.lib
                                          [ _mulint.rel ]
/usr/local/bin/../share/sdcc/lib/small/mcs51.lib
                                          [ crtstart.rel ]
/usr/local/bin/../share/sdcc/lib/small/libsdcc.lib
                                          [ _gptrget.rel ]
/usr/local/bin/../share/sdcc/lib/small/libsdcc.lib
                                          [ _startup.rel ]
/usr/local/bin/../share/sdcc/lib/small/libsdcc.lib
                                          [ _gptrput.rel ]

ASxxxx Linker V03.00 + NoICE + sdld,  page 19.

User Base Address Definitions

HOME = 0x0000
XSEG = 0x0001
PSEG = 0x0001
ISEG = 0x0000
BSEG = 0x0000

